[sochillpanel.com/index.html]
[backblue.gif]
[fade.gif]
[index.html]
[cdn.mypanel.link/30e6b5/nrbq24iasj38f8c1.png]
[bat.bing.com/bat.js]
[maxcdn.bootstrapcdn.com/bootstrap/3.3.7/css/bootstrap.min.css]
[adoring-hodgkin-378c87.netlify.app/external.css]
[cdnjs.cloudflare.com/ajax/libs/bootstrap-datetimepicker/4.17.47/css/bootstrap-datetimepicker.min.css]
[stackpath.bootstrapcdn.com/font-awesome/4.7.0/css/font-awesome.min.css]
[cdn.jsdelivr.net/npm/slick-carousel@1.8.1/slick/slick.css]
[cdn.jsdelivr.net/npm/slick-carousel@1.8.1/slick/slick-theme.css]
[maxcdn.bootstrapcdn.com/bootstrap/3.4.1/css/bootstrap.min.css]
[cdn.jsdelivr.net/npm/@mdi/font@2.7.94/css/materialdesignicons.min.css]
[www.google.com/recaptcha/api.js]
[cdn.mypanel.link/30e6b5/ztk1mn59d492wkp9.gif]
[cdn.mypanel.link/30e6b5/b4tdaj4whh3bkwmb.png]
[sochillpanel.com/aboutus.html]
[sochillpanel.com/blogs.html]
[sochillpanel.com/api.html]
[sochillpanel.com/privacypolicy.html]
[sochillpanel.com/terms.html]
[sochillpanel.com/faq.html]
[sochillpanel.com/services.html]
[sochillpanel.com/signup.html]
[cdn.mypanel.link/30e6b5/cetc9dubfzcsr0ol.png]
[cdn.mypanel.link/30e6b5/4musuemmh0m91wn0.png]
[cdn.mypanel.link/30e6b5/937rm2fd6lbcw6m3.png]
[cdn.mypanel.link/30e6b5/i022r0330or6ukhh.png]
[cdn.mypanel.link/30e6b5/em377k8tzdfub3ys.png]
[cdn.mypanel.link/30e6b5/3y3xp5b8o67uhixp.png]
[sochillpanel.com/resetpassword.html]
[cdn.mypanel.link/30e6b5/0uuyik6db2tlq7w7.png]
[cdn.mypanel.link/30e6b5/h8zjqfp1g6ea0zin.png]
[cdn.mypanel.link/30e6b5/ipy9dh708sd2h7nw.png]
[cdn.mypanel.link/30e6b5/fulw6itab2oh523c.png]
[cdn.mypanel.link/30e6b5/p6qor6rbudks1s35.png]
[i.imgur.com/2lky6BC.png]
[cdn.mypanel.link/30e6b5/rykcnkfjrz9czsy8.png]
[cdn.mypanel.link/30e6b5/k4ihj1himcpi0f95.png]
[cdn.mypanel.link/30e6b5/2g91u4j8j22wp2k0.png]
[cdn.mypanel.link/30e6b5/n6jqu7u5q8a9z7n9.png]
[cdn.mypanel.link/30e6b5/6g03q0366tm74uds.png]
[cdn.mypanel.link/30e6b5/dmh9fs83f24bappn.png]
[cdn.mypanel.link/30e6b5/394ywb8ykmefmx61.png]
[cdn.mypanel.link/30e6b5/mhle90thbrrm2fie.png]
[cdn.mypanel.link/30e6b5/a3i54z1tnzwfcdpl.png]
[cdn.mypanel.link/30e6b5/rectetd93xe4782i.png]
[sochillpanel.com/disclaimer.html]
[i.imgur.com/XJeQOBr.png]
[i.imgur.com/fivWHHV.png]
[i.imgur.com/Uzc2yX2.png]
[cdn.mypanel.link/30e6b5/y1eahombd10ua1tp.png]
[www.google.com/recaptcha/apiad4a.js]
[cdn.mypanel.link/libs/jquery/1.12.4/jquery.min.js]
[cdn.mypanel.link/global/flpbonhmkq9tsp29.js]
[cdn.mypanel.link/global/a4kdpfesx15uh7ae.js]
[cdn.mypanel.link/global/596z6ya3isgxcipy.js]
[cdn.mypanel.link/global/5hxylqaxi6p0i2wr.js]
[cdn.mypanel.link/global/wnzsoolloslhfumj.js]
[cdn.mypanel.link/30e6b5/mhjtndqwtg7md4rh.js]
[cdn.mypanel.link/30e6b5/xera7mphqthrmtyq.js]
[ajax.googleapis.com/ajax/libs/jquery/3.5.1/jquery.min.js]
[cdnjs.cloudflare.com/ajax/libs/popper.js/1.16.0/umd/popper.min.js]
[maxcdn.bootstrapcdn.com/bootstrap/3.4.1/js/bootstrap.min.js]
[cdnjs.cloudflare.com/ajax/libs/bootstrap-datetimepicker/4.17.47/js/bootstrap-datetimepicker.min.js]
[sochillpanel.com/index.html]
[maxcdn.bootstrapcdn.com/bootstrap/3.3.7/css/bootstrap.min.css]
[cdnjs.cloudflare.com/ajax/libs/clipboard.js/2.0.8/clipboard.min.js]
[cdn.mypanel.link/30e6b5/aqofnjxur70p6k5r.png]
[cdn.mypanel.link/30e6b5/eln2tfp89kjl6m9c.png]
[adoring-hodgkin-378c87.netlify.app/external.css]
[cdnjs.cloudflare.com/ajax/libs/bootstrap-datetimepicker/4.17.47/css/bootstrap-datetimepicker.min.css]
[stackpath.bootstrapcdn.com/font-awesome/4.7.0/css/font-awesome.min.css]
[cdn.jsdelivr.net/npm/slick-carousel@1.8.1/slick/slick.css]
[cdn.jsdelivr.net/npm/slick-carousel@1.8.1/slick/ajax-loader.gif]
[cdn.jsdelivr.net/npm/slick-carousel@1.8.1/slick/fonts/slick.eot]
[cdn.jsdelivr.net/npm/slick-carousel@1.8.1/slick/fonts/slickd41d.eot]
[cdn.jsdelivr.net/npm/slick-carousel@1.8.1/slick/fonts/slick.woff]
[cdn.jsdelivr.net/npm/slick-carousel@1.8.1/slick/fonts/slick.ttf]
[cdn.jsdelivr.net/npm/slick-carousel@1.8.1/slick/fonts/slick.svg]
[cdn.jsdelivr.net/npm/slick-carousel@1.8.1/slick/slick-theme.css]
[maxcdn.bootstrapcdn.com/bootstrap/3.4.1/css/bootstrap.min.css]
[cdn.jsdelivr.net/npm/@mdi/font@2.7.94/css/materialdesignicons.min.css]
[cdn.mypanel.link/30e6b5/3ea36lk69nwhd168.css]
[cdn.mypanel.link/30e6b5/dwy08qd2fskty4ng.css]
[cdn.mypanel.link/libs/bootstrap-datetimepicker/4.17.47/bootstrap-datetimepicker.min.css]
[cdn.mypanel.link/css/font-awesome/css/all.min.css]
[sochillpanel.com/index5bc3.html]
[sochillpanel.com/index07e6.html]
[sochillpanel.com/aboutus.html]
[sochillpanel.com/index9ed2.html]
[cdn.mypanel.link/30e6b5/2abzfqm3c4li27ni.png]
[sochillpanel.com/blogs/how-to-buy-1000-youtube-subscribers]
[sochillpanel.com/blogs/howtogetmoreplaysonsoundcloud.html]
[cdn.mypanel.link/30e6b5/454qn75iiw283mo5.png]
[sochillpanel.com/blogs/5-reasons-why-you-need-a-smm-panel]
[cdn.mypanel.link/30e6b5/srxds595boa5qlj0.png]
[sochillpanel.com/blogs/cheapest-smm-panel]
[cdn.mypanel.link/30e6b5/1wyc52dw74i67drw.png]
[sochillpanel.com/blogs/5-ways-to-generate-growth]
[sochillpanel.com/blogs.html]
[sochillpanel.com/api.html]
[sochillpanel.com/privacypolicy.html]
[sochillpanel.com/terms.html]
[sochillpanel.com/example.html]
[maxcdn.bootstrapcdn.com/bootstrap/4.5.2/js/bootstrap.min.js]
[sochillpanel.com/services.html]
[sochillpanel.com/faq.html]
[cdn.jsdelivr.net/npm/slick-carousel@1.8.1/slick/slick.js]
[www.google.com/recaptcha/apifef7.js]
[sochillpanel.com/signup.html]
[sochillpanel.com/resetpassword.html]
[sochillpanel.com/disclaimer.html]
[cdn.jsdelivr.net/npm/slick-carousel@1.8.1/slick/fonts/slick.svg]
[cdn.mypanel.link/images/vendor/icheck/skins/minimal/minimal.6a9029.delayed]
[cdn.mypanel.link/images/vendor/icheck/skins/minimal/minimal@2x8508.png]
[cdn.mypanel.link/images/vendor/icheck/skins/minimal/red558f.png]
[cdn.mypanel.link/images/vendor/icheck/skins/minimal/red@2x3c97.png]
[cdn.mypanel.link/images/vendor/icheck/skins/minimal/green6ad7.png]
[cdn.mypanel.link/images/vendor/icheck/skins/minimal/green@2x63e9.png]
[cdn.mypanel.link/images/vendor/icheck/skins/minimal/bluedd34.png]
[cdn.mypanel.link/images/vendor/icheck/skins/minimal/blue@2x6a49.png]
[cdn.mypanel.link/images/vendor/icheck/skins/minimal/aero9b21.png]
[cdn.mypanel.link/images/vendor/icheck/skins/minimal/aero@2x03b9.png]
[cdn.mypanel.link/images/vendor/icheck/skins/minimal/greyc000.png]
[cdn.mypanel.link/images/vendor/icheck/skins/minimal/grey@2x57d6.png]
[cdn.mypanel.link/images/vendor/icheck/skins/minimal/orangec112.png]
[cdn.mypanel.link/images/vendor/icheck/skins/minimal/orange@2xb8ef.png]
[cdn.mypanel.link/images/vendor/icheck/skins/minimal/yellow58db.png]
[cdn.mypanel.link/images/vendor/icheck/skins/minimal/yellow@2x5baf.png]
[cdn.mypanel.link/images/vendor/icheck/skins/minimal/pink5fd6.png]
[cdn.mypanel.link/images/vendor/icheck/skins/minimal/pink@2xb434.png]
[cdn.mypanel.link/images/vendor/icheck/skins/minimal/purplecd90.png]
[cdn.mypanel.link/images/vendor/icheck/skins/minimal/purple@2x9f50.png]
[cdn.mypanel.link/images/vendor/icheck/skins/square/square5405.png]
[cdn.mypanel.link/images/vendor/icheck/skins/square/square@2x2346.png]
[cdn.mypanel.link/images/vendor/icheck/skins/square/red3302.png]
[cdn.mypanel.link/images/vendor/icheck/skins/square/red@2x8728.png]
[cdn.mypanel.link/images/vendor/icheck/skins/square/green3e82.png]
[cdn.mypanel.link/images/vendor/icheck/skins/square/green@2x6ea2.png]
[cdn.mypanel.link/images/vendor/icheck/skins/square/bluedf80.png]
[cdn.mypanel.link/images/vendor/icheck/skins/square/blue@2xe34e.png]
[cdn.mypanel.link/images/vendor/icheck/skins/square/aeroe641.png]
[cdn.mypanel.link/images/vendor/icheck/skins/square/aero@2xc632.png]
[cdn.mypanel.link/images/vendor/icheck/skins/square/greye3d7.png]
[cdn.mypanel.link/images/vendor/icheck/skins/square/grey@2x24d8.png]
[cdn.mypanel.link/images/vendor/icheck/skins/square/orange4694.png]
[cdn.mypanel.link/images/vendor/icheck/skins/square/orange@2x33cd.png]
[cdn.mypanel.link/images/vendor/icheck/skins/square/yellow707a.png]
[cdn.mypanel.link/images/vendor/icheck/skins/square/yellow@2x3863.png]
[cdn.mypanel.link/images/vendor/icheck/skins/square/pinkcb77.png]
[cdn.mypanel.link/images/vendor/icheck/skins/square/pink@2x7232.png]
[cdn.mypanel.link/images/vendor/icheck/skins/square/purple945c.png]
[cdn.mypanel.link/images/vendor/icheck/skins/square/purple@2xfeb6.png]
[cdn.mypanel.link/images/vendor/icheck/skins/flat/flat8f6a.png]
[cdn.mypanel.link/images/vendor/icheck/skins/flat/flat@2x3339.png]
[cdn.mypanel.link/images/vendor/icheck/skins/flat/rede0e7.png]
[cdn.mypanel.link/images/vendor/icheck/skins/flat/red@2x40f8.png]
[cdn.mypanel.link/images/vendor/icheck/skins/flat/green99cb.png]
[cdn.mypanel.link/images/vendor/icheck/skins/flat/green@2xbaa3.png]
[cdn.mypanel.link/images/vendor/icheck/skins/flat/blue6c8b.png]
[cdn.mypanel.link/images/vendor/icheck/skins/flat/blue@2x113b.png]
[cdn.mypanel.link/images/vendor/icheck/skins/flat/aero3315.png]
[cdn.mypanel.link/images/vendor/icheck/skins/flat/aero@2xb494.png]
[cdn.mypanel.link/images/vendor/icheck/skins/flat/grey044e.png]
[cdn.mypanel.link/images/vendor/icheck/skins/flat/grey@2xc686.png]
[cdn.mypanel.link/images/vendor/icheck/skins/flat/orange65b2.png]
[cdn.mypanel.link/images/vendor/icheck/skins/flat/orange@2xf811.png]
[cdn.mypanel.link/images/vendor/icheck/skins/flat/yellowd0e5.png]
[cdn.mypanel.link/images/vendor/icheck/skins/flat/yellow@2xc028.png]
[cdn.mypanel.link/images/vendor/icheck/skins/flat/pink9b9b.png]
[cdn.mypanel.link/images/vendor/icheck/skins/flat/pink@2x4daa.png]
[cdn.mypanel.link/images/vendor/icheck/skins/flat/purplee2b7.png]
[cdn.mypanel.link/images/vendor/icheck/skins/flat/purple@2xfdb1.png]
[cdn.mypanel.link/images/vendor/icheck/skins/line/line9c5d.png]
[cdn.mypanel.link/images/vendor/icheck/skins/line/line@2xd872.png]
[cdn.mypanel.link/images/vendor/icheck/skins/polaris/polaris1159.png]
[cdn.mypanel.link/images/vendor/icheck/skins/polaris/polaris@2xa14b.png]
[cdn.mypanel.link/images/vendor/icheck/skins/futurico/futurico2f81.png]
[cdn.mypanel.link/images/vendor/icheck/skins/futurico/futurico@2x7fa6.png]
[cdn.mypanel.link/images/vendor/jquery-asColorPicker/src/transparent9c0f.png]
[cdn.mypanel.link/images/vendor/jquery-asColorPicker/src/saturation298b.png]
[cdn.mypanel.link/images/vendor/jquery-asColorPicker/src/hue1272.png]
[cdn.mypanel.link/images/vendor/jquery-asColorPicker/src/alpha320f.png]
[cdn.mypanel.link/30e6b5/3ea36lk69nwhd168.css]
[songlifty.com/wp-content/uploads/2019/07/songlifty_spotify_50_tiny.jpg]
[cdn.mypanel.link/30e6b5/dwy08qd2fskty4ng.css]
[cdn.mypanel.link/libs/bootstrap-datetimepicker/4.17.47/bootstrap-datetimepicker.min.css]
[cdn.mypanel.link/css/font-awesome/css/all.min.css]
[sochillpanel.com/index5bc3.html]
[sochillpanel.com/index07e6.html]
[sochillpanel.com/index9ed2.html]
[sochillpanel.com/blogs/how-to-buy-1000-youtube-subscribers.html]
[sochillpanel.com/blogs/howtogetmoreplaysonsoundcloud.html]
[sochillpanel.com/blogs/5-reasons-why-you-need-a-smm-panel.html]
[sochillpanel.com/blogs/cheapest-smm-panel.html]
[sochillpanel.com/blogs/5-ways-to-generate-growth.html]
[sochillpanel.com/example.html]
[cdn.mypanel.link/images/vendor/icheck/skins/minimal/minimal9029.html]
[cdn.mypanel.link/images/vendor/icheck/skins/minimal/minimal@2x8508.html]
[cdn.mypanel.link/images/vendor/icheck/skins/minimal/red558f.html]
[cdn.mypanel.link/images/vendor/icheck/skins/minimal/red@2x3c97.html]
[cdn.mypanel.link/images/vendor/icheck/skins/minimal/green6ad7.html]
[cdn.mypanel.link/images/vendor/icheck/skins/minimal/green@2x63e9.html]
[cdn.mypanel.link/images/vendor/icheck/skins/minimal/bluedd34.html]
[cdn.mypanel.link/images/vendor/icheck/skins/minimal/blue@2x6a49.html]
[cdn.mypanel.link/images/vendor/icheck/skins/minimal/aero9b21.html]
[cdn.mypanel.link/images/vendor/icheck/skins/minimal/aero@2x03b9.html]
[cdn.mypanel.link/images/vendor/icheck/skins/minimal/greyc000.html]
[cdn.mypanel.link/images/vendor/icheck/skins/minimal/grey@2x57d6.html]
[cdn.mypanel.link/images/vendor/icheck/skins/minimal/orangec112.html]
[cdn.mypanel.link/images/vendor/icheck/skins/minimal/orange@2xb8ef.html]
[cdn.mypanel.link/images/vendor/icheck/skins/minimal/yellow58db.html]
[cdn.mypanel.link/images/vendor/icheck/skins/minimal/yellow@2x5baf.html]
[cdn.mypanel.link/images/vendor/icheck/skins/minimal/pink5fd6.html]
[cdn.mypanel.link/images/vendor/icheck/skins/minimal/pink@2xb434.html]
[cdn.mypanel.link/images/vendor/icheck/skins/minimal/purplecd90.html]
[cdn.mypanel.link/images/vendor/icheck/skins/minimal/purple@2x9f50.html]
[cdn.mypanel.link/images/vendor/icheck/skins/square/square5405.html]
[cdn.mypanel.link/images/vendor/icheck/skins/square/square@2x2346.html]
[cdn.mypanel.link/images/vendor/icheck/skins/square/red3302.html]
[cdn.mypanel.link/images/vendor/icheck/skins/square/red@2x8728.html]
[cdn.mypanel.link/images/vendor/icheck/skins/square/green3e82.html]
[cdn.mypanel.link/images/vendor/icheck/skins/square/green@2x6ea2.html]
[cdn.mypanel.link/images/vendor/icheck/skins/square/bluedf80.html]
[cdn.mypanel.link/images/vendor/icheck/skins/square/blue@2xe34e.html]
[cdn.mypanel.link/images/vendor/icheck/skins/square/aeroe641.html]
[cdn.mypanel.link/images/vendor/icheck/skins/square/aero@2xc632.html]
[cdn.mypanel.link/images/vendor/icheck/skins/square/greye3d7.html]
[cdn.mypanel.link/images/vendor/icheck/skins/square/grey@2x24d8.html]
[cdn.mypanel.link/images/vendor/icheck/skins/square/orange4694.html]
[cdn.mypanel.link/images/vendor/icheck/skins/square/orange@2x33cd.html]
[cdn.mypanel.link/images/vendor/icheck/skins/square/yellow707a.html]
[cdn.mypanel.link/images/vendor/icheck/skins/square/yellow@2x3863.html]
[cdn.mypanel.link/images/vendor/icheck/skins/square/pinkcb77.html]
[cdn.mypanel.link/images/vendor/icheck/skins/square/pink@2x7232.html]
[cdn.mypanel.link/images/vendor/icheck/skins/square/purple945c.html]
[cdn.mypanel.link/images/vendor/icheck/skins/square/purple@2xfeb6.html]
[cdn.mypanel.link/images/vendor/icheck/skins/flat/flat8f6a.html]
[cdn.mypanel.link/images/vendor/icheck/skins/flat/flat@2x3339.html]
[cdn.mypanel.link/images/vendor/icheck/skins/flat/rede0e7.html]
[cdn.mypanel.link/images/vendor/icheck/skins/flat/red@2x40f8.html]
[cdn.mypanel.link/images/vendor/icheck/skins/flat/green99cb.html]
[cdn.mypanel.link/images/vendor/icheck/skins/flat/green@2xbaa3.html]
[cdn.mypanel.link/images/vendor/icheck/skins/flat/blue6c8b.html]
[cdn.mypanel.link/images/vendor/icheck/skins/flat/blue@2x113b.html]
[cdn.mypanel.link/images/vendor/icheck/skins/flat/aero3315.html]
[cdn.mypanel.link/images/vendor/icheck/skins/flat/aero@2xb494.html]
[cdn.mypanel.link/images/vendor/icheck/skins/flat/grey044e.html]
[cdn.mypanel.link/images/vendor/icheck/skins/flat/grey@2xc686.html]
[cdn.mypanel.link/images/vendor/icheck/skins/flat/orange65b2.html]
[cdn.mypanel.link/images/vendor/icheck/skins/flat/orange@2xf811.html]
[cdn.mypanel.link/images/vendor/icheck/skins/flat/yellowd0e5.html]
[cdn.mypanel.link/images/vendor/icheck/skins/flat/yellow@2xc028.html]
[cdn.mypanel.link/images/vendor/icheck/skins/flat/pink9b9b.html]
[cdn.mypanel.link/images/vendor/icheck/skins/flat/pink@2x4daa.html]
[cdn.mypanel.link/images/vendor/icheck/skins/flat/purplee2b7.html]
[cdn.mypanel.link/images/vendor/icheck/skins/flat/purple@2xfdb1.html]
[cdn.mypanel.link/images/vendor/icheck/skins/line/line9c5d.html]
[cdn.mypanel.link/images/vendor/icheck/skins/line/line@2xd872.html]
[cdn.mypanel.link/images/vendor/icheck/skins/polaris/polaris1159.html]
[cdn.mypanel.link/images/vendor/icheck/skins/polaris/polaris@2xa14b.html]
[cdn.mypanel.link/images/vendor/icheck/skins/futurico/futurico2f81.html]
[cdn.mypanel.link/images/vendor/icheck/skins/futurico/futurico@2x7fa6.html]
[cdn.mypanel.link/images/vendor/jquery-asColorPicker/src/transparent9c0f.html]
[cdn.mypanel.link/images/vendor/jquery-asColorPicker/src/saturation298b.html]
[cdn.mypanel.link/images/vendor/jquery-asColorPicker/src/hue1272.html]
[cdn.mypanel.link/images/vendor/jquery-asColorPicker/src/alpha320f.html]
